
> Sample_Data_MAF <- read.delim("~/Desktop/Capstone/Sample_Data_MAF.txt", header=FALSE)
>   View(Sample_Data_MAF)
> library(maftools)
> Sample_Data_MAF = read.maf(maf = "~/Desktop/Capstone/Sample_Data_MAF.txt")
reading maf..
Mutation_Status not found. Assuming all variants are Somatic and validated.
Excluding 11171 silent variants.
               ID    N
 1:       Samples   12
 2:       3'Flank  350
 3:         3'UTR 1094
 4:       5'Flank  299
 5:         5'UTR  229
 6:           IGR  104
 7:        Intron 6271
 8:           RNA  443
 9:        Silent 2014
10: Splice_Region  367
Creating oncomatrix (this might take a while)..
Sorting..
Summarizing..
                        ID summary         Mean Median
 1:             NCBI_Build      NA           NA     NA
 2:                 Center      NA           NA     NA
 3:                Samples      12           NA     NA
 4:                 nGenes    1902           NA     NA
 5:        Frame_Shift_Del      23   1.91666667    0.0
 6:        Frame_Shift_Ins      13   1.08333333    0.0
 7:           In_Frame_Del      15   1.25000000    0.0
 8:           In_Frame_Ins      12   1.00000000    0.0
 9:      Missense_Mutation    2182 181.83333333   19.0
10:      Nonsense_Mutation      41   3.41666667    1.5
11:       Nonstop_Mutation       1   0.08333333    0.0
12:            Splice_Site      27   2.25000000    1.0
13: Translation_Start_Site       4   0.33333333    0.0
14:                  total    2318 193.16666667   24.5
Frequently mutated genes..
       Hugo_Symbol Frame_Shift_Del Frame_Shift_Ins In_Frame_Del In_Frame_Ins
   1:        MED12               0               0            4            0
   2:        ZNF99               0               1            0            0
   3:     ANKRD30A               0               0            1            0
   4:         VWA8               0               0            0            0
   5:        ABCA8               0               0            0            0
  ---                                                                       
1898:        ZWINT               0               0            0            0
1899:       ZYG11A               0               0            0            0
1900:          ZYX               0               0            0            0
1901:        ZZEF1               0               0            0            0
1902: hsa-mir-1199               0               0            0            0
      Missense_Mutation Nonsense_Mutation Nonstop_Mutation Splice_Site
   1:                 7                 1                0           0
   2:                 7                 0                0           0
   3:                 4                 0                0           0
   4:                 5                 0                0           0
   5:                 3                 0                0           0
  ---                                                                 
1898:                 1                 0                0           0
1899:                 1                 0                0           0
1900:                 1                 0                0           0
1901:                 1                 0                0           0
1902:                 1                 0                0           0
      Translation_Start_Site total MutatedSamples
   1:                      0    12              8
   2:                      0     8              3
   3:                      0     5              3
   4:                      0     5              3
   5:                      0     3              3
  ---                                            
1898:                      0     1              1
1899:                      0     1              1
1900:                      0     1              1
1901:                      0     1              1
1902:                      0     1              1
Done !
> save.image("~/Desktop/Capstone/First_Command.RData")
> View(Sample_Data_MAF)
> getSampleSummary(Sample_Data_MAF)
    Tumor_Sample_Barcode Frame_Shift_Del Frame_Shift_Ins In_Frame_Del In_Frame_Ins
 1:              NW206F2              16              10            9           10
 2:               MP164F               0               1            0            1
 3:              MP140F1               0               0            0            0
 4:               MP169F               3               0            0            0
 5:              MP136F1               0               2            2            0
 6:              MP136F2               0               0            2            0
 7:              NW206F1               0               0            0            0
 8:               MP100F               2               0            1            1
 9:              MP111F2               1               0            1            0
10:              MP140F2               0               0            0            0
11:               GO5371               0               0            0            0
12:              MP111F1               1               0            0            0
    Missense_Mutation Nonsense_Mutation Nonstop_Mutation Splice_Site
 1:              1862                19                1          17
 2:                70                 3                0           1
 3:                62                 2                0           2
 4:                45                 1                0           1
 5:                18                 8                0           1
 6:                19                 4                0           0
 7:                23                 0                0           1
 8:                15                 1                0           1
 9:                19                 0                0           0
10:                16                 2                0           2
11:                18                 1                0           0
12:                15                 0                0           1
    Translation_Start_Site total
 1:                      4  1948
 2:                      0    76
 3:                      0    66
 4:                      0    50
 5:                      0    31
 6:                      0    25
 7:                      0    24
 8:                      0    21
 9:                      0    21
10:                      0    20
11:                      0    19
12:                      0    17
> save.image("~/Documents/GitHub/Capstone_Fall_2017/Table_Mutations.RData")
> getGeneSummary(Sample_Data_MAF)
       Hugo_Symbol Frame_Shift_Del Frame_Shift_Ins In_Frame_Del In_Frame_Ins
   1:        MED12               0               0            4            0
   2:        ZNF99               0               1            0            0
   3:     ANKRD30A               0               0            1            0
   4:         VWA8               0               0            0            0
   5:        ABCA8               0               0            0            0
  ---                                                                       
1898:        ZWINT               0               0            0            0
1899:       ZYG11A               0               0            0            0
1900:          ZYX               0               0            0            0
1901:        ZZEF1               0               0            0            0
1902: hsa-mir-1199               0               0            0            0
      Missense_Mutation Nonsense_Mutation Nonstop_Mutation Splice_Site
   1:                 7                 1                0           0
   2:                 7                 0                0           0
   3:                 4                 0                0           0
   4:                 5                 0                0           0
   5:                 3                 0                0           0
  ---                                                                 
1898:                 1                 0                0           0
1899:                 1                 0                0           0
1900:                 1                 0                0           0
1901:                 1                 0                0           0
1902:                 1                 0                0           0
      Translation_Start_Site total MutatedSamples
   1:                      0    12              8
   2:                      0     8              3
   3:                      0     5              3
   4:                      0     5              3
   5:                      0     3              3
  ---                                            
1898:                      0     1              1
1899:                      0     1              1
1900:                      0     1              1
1901:                      0     1              1
1902:                      0     1              1
> save.image("~/Documents/GitHub/Capstone_Fall_2017/Genes_Mutations.RData")
> plotmafSummary(maf = Sample_Data_MAF)
Warning message:
Removed 1 rows containing non-finite values (stat_boxplot). 
> Sample_Data_MAF.titv = titv(maf = Sample_Data_MAF, plot = FALSE, useSyn = TRUE)
> plotTiTv(res = Sample_Data_MAF.titv)
> oncoplot(maf = Sample_Data_MAF, top =20)
> oncoplot(maf = Sample_Data_MAF, top = 10)
> TTN.lpop = lollipopPlot(maf = Sample_Data_MAF, gene = 'TTN')
Assuming protein change information are stored under column HGVSp_Short. Use argument AACol to override if necessary.
7 transcripts available. Use arguments refSeqID or proteinID to manually specify tx name.
   HGNC    refseq.ID   protein.ID aa.length
1:  TTN    NM_003319    NP_003310     26926
2:  TTN    NM_133437    NP_597681     27118
3:  TTN    NM_133432    NP_597676     27051
4:  TTN    NM_133378    NP_596869     33423
5:  TTN NM_001256850 NP_001243779     34350
6:  TTN NM_001267550 NP_001254479     35991
7:  TTN    NM_133379    NP_596870      5604
Using longer transcript NM_001267550 for now.
> TTN.lpop = lollipopPlot(maf = Sample_Data_MAF, gene = 'TTN', AACol = 'Protein_Change')
Error in eval(expr, envir, enclos) : object 'AAChange' not found
> TTN.lpop = lollipopPlot(maf = Sample_Data_MAF, gene = 'TTN', AACol = 'AA_Change')
Error in eval(expr, envir, enclos) : object 'AAChange' not found
> TTN.lpop = lollipopPlot(maf = Sample_Data_MAF, gene = 'TTN', repel = TRUE )
Assuming protein change information are stored under column HGVSp_Short. Use argument AACol to override if necessary.
7 transcripts available. Use arguments refSeqID or proteinID to manually specify tx name.
   HGNC    refseq.ID   protein.ID aa.length
1:  TTN    NM_003319    NP_003310     26926
2:  TTN    NM_133437    NP_597681     27118
3:  TTN    NM_133432    NP_597676     27051
4:  TTN    NM_133378    NP_596869     33423
5:  TTN NM_001256850 NP_001243779     34350
6:  TTN NM_001267550 NP_001254479     35991
7:  TTN    NM_133379    NP_596870      5604
Using longer transcript NM_001267550 for now.
> TTN.lpop = lollipopPlot(maf = Sample_Data_MAF, gene = 'TTN', repel = TRUE, showDomainLabel = FALSE) 
Assuming protein change information are stored under column HGVSp_Short. Use argument AACol to override if necessary.
7 transcripts available. Use arguments refSeqID or proteinID to manually specify tx name.
   HGNC    refseq.ID   protein.ID aa.length
1:  TTN    NM_003319    NP_003310     26926
2:  TTN    NM_133437    NP_597681     27118
3:  TTN    NM_133432    NP_597676     27051
4:  TTN    NM_133378    NP_596869     33423
5:  TTN NM_001256850 NP_001243779     34350
6:  TTN NM_001267550 NP_001254479     35991
7:  TTN    NM_133379    NP_596870      5604
Using longer transcript NM_001267550 for now.
> TTN.lpop = lollipopPlot(maf = Sample_Data_MAF, gene = 'TTN', repel = TRUE, showDomainLabel = FALSE, cBioPortal = TRUE )
Assuming protein change information are stored under column HGVSp_Short. Use argument AACol to override if necessary.
7 transcripts available. Use arguments refSeqID or proteinID to manually specify tx name.
   HGNC    refseq.ID   protein.ID aa.length
1:  TTN    NM_003319    NP_003310     26926
2:  TTN    NM_133437    NP_597681     27118
3:  TTN    NM_133432    NP_597676     27051
4:  TTN    NM_133378    NP_596869     33423
5:  TTN NM_001256850 NP_001243779     34350
6:  TTN NM_001267550 NP_001254479     35991
7:  TTN    NM_133379    NP_596870      5604
Using longer transcript NM_001267550 for now.
> TTN.lpop = lollipopPlot(maf = Sample_Data_MAF, gene = 'TTN', repel = TRUE, showDomainLabel = FALSE, labelPos = 'all') 
Assuming protein change information are stored under column HGVSp_Short. Use argument AACol to override if necessary.
7 transcripts available. Use arguments refSeqID or proteinID to manually specify tx name.
   HGNC    refseq.ID   protein.ID aa.length
1:  TTN    NM_003319    NP_003310     26926
2:  TTN    NM_133437    NP_597681     27118
3:  TTN    NM_133432    NP_597676     27051
4:  TTN    NM_133378    NP_596869     33423
5:  TTN NM_001256850 NP_001243779     34350
6:  TTN NM_001267550 NP_001254479     35991
7:  TTN    NM_133379    NP_596870      5604
Using longer transcript NM_001267550 for now.
> TTN.lpop = lollipopPlot(maf = Sample_Data_MAF, gene = 'TTN', repel = TRUE, showDomainLabel = FALSE, labelPos = 'all', labelOnlyUniqueDoamins = FALSE)
Assuming protein change information are stored under column HGVSp_Short. Use argument AACol to override if necessary.
7 transcripts available. Use arguments refSeqID or proteinID to manually specify tx name.
   HGNC    refseq.ID   protein.ID aa.length
1:  TTN    NM_003319    NP_003310     26926
2:  TTN    NM_133437    NP_597681     27118
3:  TTN    NM_133432    NP_597676     27051
4:  TTN    NM_133378    NP_596869     33423
5:  TTN NM_001256850 NP_001243779     34350
6:  TTN NM_001267550 NP_001254479     35991
7:  TTN    NM_133379    NP_596870      5604
Using longer transcript NM_001267550 for now.
